// Jest Snapshot v1, https://goo.gl/fbAQLP

exports[`ComparisonDialog renders with companies and matches snapshot 1`] = `<DocumentFragment />`;
